======================== Opening output file
GEMCSCStripMapping: Analyzer...
start --------------------------------------------------------------------------------------------------------
-------------------------------------------------------------------------------------------------------- end
