\BOOKMARK [1][-]{section.1}{Decay Channel: + + 0 0 "0365 }{}
\BOOKMARK [1][-]{section.2}{Decay Channel: + - + + "0365 }{}
